../Core/Src/main.c:73:5:main	24	static
../Core/Src/main.c:209:6:SystemClock_Config	88	static
../Core/Src/main.c:251:13:MX_TIM1_Init	32	static
../Core/Src/main.c:297:13:MX_TIM10_Init	40	static
../Core/Src/main.c:343:13:MX_TIM11_Init	8	static
../Core/Src/main.c:374:13:MX_USART1_UART_Init	8	static
../Core/Src/main.c:407:13:MX_GPIO_Init	48	static
../Core/Src/main.c:456:6:HAL_GPIO_EXTI_Callback	24	static,ignoring_inline_asm
../Core/Src/main.c:494:6:UART_SendNumber	40	static
../Core/Src/main.c:527:6:Error_Handler	4	static,ignoring_inline_asm
